note: 'IAR_CONFIG' has been renamed to 'KEDACODE_CONFIG'; the old name still works. Update your script or CI (see docs/guides/migrating-from-iar.md).
kc console listening on http://127.0.0.1:55738/ (Ctrl+C to stop)
INFO:     Started server process [20121]
INFO:     Waiting for application startup.
INFO:     Application startup complete.
INFO:     Uvicorn running on http://127.0.0.1:55738 (Press CTRL+C to quit)
2026-10-11 00:51:27 - backend.core.use_cases.monitor_snapshots - WARNING - monitor_snapshots.py:644 - Monitor scheduler failed to read settings: database is locked
2026-10-11 00:51:27 - backend.core.use_cases.monitor_snapshots - INFO - monitor_snapshots.py:623 - Monitor sync initial pass: 1 repositories have no snapshot yet.
note: 'IAR_PRD_SKILL_PATH' has been renamed to 'KEDACODE_PRD_SKILL_PATH'; the old name still works. Update your script or CI (see docs/guides/migrating-from-iar.md).
2026-10-11 00:51:27 - backend.core.use_cases.monitor_snapshots - WARNING - monitor_snapshots.py:483 - Monitor sync failed for rv-fixture: prd skill 解析脚本以退出码 1 结束：/Users/zata/code/keda/.iar-worktrees/issue-266/tasks/evidence/P1-FEAT-20261010-011714-unified-auto-concurrency-ceiling/scripts/prd_skill_contract/scripts/prd_contract.py
--- stderr ---
prd_contract fixture stub: not invoked by RV scenarios
INFO:     127.0.0.1:55744 - "GET /api/v1/agent-runner/backlog/prds?repo_id=rv-fixture HTTP/1.1" 200 OK
INFO:     127.0.0.1:55748 - "PATCH /api/v1/agent-runner/backlog/settings?repo_id=rv-fixture HTTP/1.1" 200 OK
2026-10-11 00:51:28 - backend.core.use_cases.monitor_snapshots - WARNING - monitor_snapshots.py:483 - Monitor sync failed for rv-fixture: prd skill 解析脚本以退出码 -15 结束：/Users/zata/code/keda/.iar-worktrees/issue-266/tasks/evidence/P1-FEAT-20261010-011714-unified-auto-concurrency-ceiling/scripts/prd_skill_contract/scripts/prd_contract.py
--- stderr ---

INFO:     Shutting down
INFO:     Waiting for application shutdown.
INFO:     Application shutdown complete.
INFO:     Finished server process [20121]
